1: 8000 ()   :   **********************************

2: 8000 ()   :   *PROGRAMA DE EJEMPLO

3: 8000 ()   :   **********************************

4: 8000 ()   :   PACTL  EQU   $1026

5: 8000 ()   :   PACNT  EQU   $1027

6: 8000 ()   :   ADCTL  EQU   $1030

7: 8000 ()   :   ADR1   EQU   $1031

8: 8000 ()   :   ADR2   EQU   $1032

9: 8000 ()   :   ADR3   EQU   $1033

10: 8000 ()   :   ADR4   EQU   $1034

11: 8000 ()   :   OPTION EQU   $1039

12: 8000 ()   :   

13: 8000 ()   :   PORTA  EQU   $1000

14: 8000 ()   :   PORTD  EQU   $1008

15: 8000 ()   :   PORTE  EQU   $100A

16: 8000 ()   :   PORTG  EQU   $1002

17: 8000 ()   :   

18: 8000 ()   :   DDRA   EQU   $1001

19: 8000 ()   :   DDRD   EQU   $1009

20: 8000 ()   :   DDRG   EQU   $1003

21: 8000 ()   :   

22: 8000 ()   :   TMSK2  EQU   $1024

23: 8000 ()   :   TFLG2  EQU   $1025

24: 8000 ()   :   

25: 8000 ()   :   SCDR   EQU   $102F

26: 8000 ()   :   SCCR2  EQU   $102D

27: 8000 ()   :   SCSR   EQU   $102E

28: 8000 ()   :   SCCR1  EQU   $102C

29: 8000 ()   :   BAUD   EQU   $102B

30: 8000 ()   :   HPRIO  EQU   $103C

31: 8000 ()   :   SPCR   EQU   $1028

32: 8000 ()   :   CSCTL  EQU   $105D

33: 8000 ()   :   OPT2   EQU   $1038

34: 8000 ()   :   

35: 8000 ()   :   * VARIABLES *********************

36: 8000 ()   :   

37: 8000 ()   :   ORDEN  EQU   $000C

38: 8000 ()   :   SEG	EQU   $000D

39: 8000 ()   :   U1	 EQU   $000E

40: 8000 ()   :   U2	 EQU   $000F

41: 8000 ()   :   U3	 EQU   $0010

42: 8000 ()   :   U4	 EQU   $0011

43: 8000 ()   :   U5	 EQU   $0012

44: 8000 ()   :   V1	 EQU   $0013

45: 8000 ()   :   V2	 EQU   $0014

46: 8000 ()   :   BAS_H  EQU   $0015

47: 8000 ()   :   BAS_L  EQU   $0016

48: 8000 ()   :   V5	 EQU   $0017

49: 8000 ()   :   TEMPO  EQU   $0018

50: 8000 ()   :   ALTO   EQU   $0019

51: 8000 ()   :   BAJO   EQU   $001A

52: 8000 ()   :   BASE_H EQU   $001B

53: 8000 ()   :   BASE_L EQU   $001C

54: 8000 ()   :   V3	 EQU   $001D

55: 8000 ()   :   V4	 EQU   $001E

56: 8000 ()   :   

57: 8000 ()   :   **********************************

58: 8000 ()   :   *CONFIGURA REGISTROS

59: 8000 ()   :   **********************************

60: 8000 ()   :   	   ORG   $8000   * DIR DE INICIO

61: 8000 ()   :   	   LDS   #$03FF  * APUNTADOR DE STAK

62: 8000 ()   :   

63: 8000 ()   :   			   

64: 8000 ()   :   	   LDAA  #$00	* CONFIG TODO EL PUERTO  A COMO ENTRADAS

65: 8000 ()   :   	   STAA  DDRA	* EL PUERTO A

66: 8000 ()   :   	   

67: 8000 ()   :   	   LDAA  #$FF	* CONFIG TODO EL PUERTO  G COMO SALIDAS

68: 8000 ()   :   	   STAA  DDRG	* EL PUERTO G 

69: 8000 ()   :   

70: 8000 ()   :   	   LDAA  #$00	* SE PONE PUERTO G EN CEROS

71: 8000 ()   :   	   STAA  PORTG

72: 8000 ()   :   	   

73: 8000 ()   :   	   LDD   #$302C  * CONFIGURA PUERTO SERIAL

74: 8000 ()   :   	   STAA  BAUD	* BAUD  9600  para cristal de 8MHz

75: 8000 ()   :   	   STAB  SCCR2   * HABILITA  RX Y TX PERO INTERRUPCN SOLO RX

76: 8000 ()   :   	   LDAA  #$00

77: 8000 ()   :   	   STAA  SCCR1   * 8 BITS

78: 8000 ()   :   

79: 8000 ()   :   	   LDAA  #$FE	* CONFIG PUERTO D COMO SALIDAS (EXCEPTO PD0)

80: 8000 ()   :   	   STAA  DDRD	* SEA  ENABLE DEL DISPLAY  PD4  Y RS PD3

81: 8000 ()   :   					 

82: 8000 ()   :   	  

83: 8000 ()   :   	   LDAA  #$04

84: 8000 ()   :   	   STAA  HPRIO

85: 8000 ()   :   

86: 8000 ()   :   	   LDAA  #$00

87: 8000 ()   :   	   TAP

88: 8000 ()   :   

89: 8000 ()   :   

90: 8000 ()   :   

91: 8000 ()   :   	   

92: 8000 ()   :   

93: 8000 ()   :   

94: 8000 ()   :   

95: 8000 ()   :   **********************************

96: 8000 ()   :   *PROGRAMA PRINCIPAL

97: 8000 ()   :   **********************************

98: 8000 ()   :   MAIN   

99: 8000 ()   :   	   JSR   INICIA

100: 8000 ()   :   	   LDAA  #$3F

101: 8000 ()   :   	   STAA  ORDEN		 * CARGO UN (?) en 000A

102: 8000 ()   :   

103: 8000 ()   :   	   

104: 8000 ()   :   CICLO

105: 8000 ()   :   	   LDAA  SEG

106: 8000 ()   :   	   BEQ   CICLO 

107: 8000 ()   :   	   CLR   SEG

108: 8000 ()   :   	   

109: 8000 ()   :   	   LDAA  PACNT

110: 8000 ()   :   	   STAA  V5

111: 8000 ()   :   	   CLR   PACNT

112: 8000 ()   :   

113: 8000 ()   :   	   

114: 8000 ()   :   	   JSR   DATARX		* DESPLIEGA DATO TRANSMITIDO

115: 8000 ()   :   	   DEY

116: 8000 ()   :   	   XGDY 

117: 8000 ()   :   	   STAA  ALTO

118: 8000 ()   :   	   STAB  BAJO

119: 8000 ()   :   	   XGDY

120: 8000 ()   :   	   LDAA  ALTO

121: 8000 ()   :   	   LDAB  BAJO

122: 8000 ()   :   	   JSR   BINBCD

123: 8000 ()   :   	   JSR   DISPLAY

124: 8000 ()   :   	   JSR   COMA

125: 8000 ()   :   	   JSR   VOLTA

126: 8000 ()   :   	   

127: 8000 ()   :   	   CLRA

128: 8000 ()   :   	   LDAB  V1

129: 8000 ()   :   	   JSR   BNBCD

130: 8000 ()   :   	   JSR   DSPLY

131: 8000 ()   :   	   JSR   COMA

132: 8000 ()   :   

133: 8000 ()   :   	   CLRA

134: 8000 ()   :   	   LDAB  V2

135: 8000 ()   :   	   JSR   BNBCD

136: 8000 ()   :   	   JSR   DSPLY

137: 8000 ()   :   	   JSR   COMA

138: 8000 ()   :   

139: 8000 ()   :   	   CLRA

140: 8000 ()   :   	   LDAB  V3

141: 8000 ()   :   	   JSR   BNBCD

142: 8000 ()   :   	   JSR   DSPLY

143: 8000 ()   :   	   JSR   COMA

144: 8000 ()   :   

145: 8000 ()   :   	   CLRA

146: 8000 ()   :   	   LDAB  V4

147: 8000 ()   :   	   JSR   BNBCD

148: 8000 ()   :   	   JSR   DSPLY

149: 8000 ()   :   	   JSR   COMA

150: 8000 ()   :    

151: 8000 ()   :   	   CLRA

152: 8000 ()   :   	   LDAB  V5

153: 8000 ()   :   	   JSR   BNBCD

154: 8000 ()   :   	   JSR   DSPLY

155: 8000 ()   :   	   

156: 8000 ()   :   	   JSR   CRYTRN

157: 8000 ()   :   	

158: 8000 ()   :   	   JMP   CICLO

159: 8000 ()   :   

160: 8000 ()   :   

161: 8000 ()   :   ***********************************

162: 8000 ()   :   * INICIA

163: 8000 ()   :   ***********************************

164: 8000 ()   :   INICIA

165: 8000 ()   :   	 

166: 8000 ()   :   	  CLR  SEG

167: 8000 ()   :   

168: 8000 ()   :   	  CLR  PORTG

169: 8000 ()   :   	  LDAA #$F4		 

170: 8000 ()   :   	  STAA TEMPO		 * TEMPO ES VARIABLE PARA CONTAR 244 CICLOS

171: 8000 ()   :   

172: 8000 ()   :   	  LDX #TMSK2

173: 8000 ()   :   	  BSET $00,X,#$40	* HABILITA INTERRUPCION TIMER T-REAL

174: 8000 ()   :   	  CLI

175: 8000 ()   :   

176: 8000 ()   :   	  LDX #PACTL

177: 8000 ()   :   	  BSET $00,X,#$50	* HABILITA PAEN -ACUMULADOR PULSOS ALTOS-

178: 8000 ()   :   	  CLR PACNT		  * BORRA ACUMULADOR DE PULSOS

179: 8000 ()   :   

180: 8000 ()   :   	  LDAA #$10

181: 8000 ()   :   	  STAA BASE_H		* PONE UN #1060 COMO DIRECCION BASE INICIAL

182: 8000 ()   :   	  LDAA #$60

183: 8000 ()   :   	  STAA BASE_L	

184: 8000 ()   :   	  

185: 8000 ()   :   	  LDY  #$1060	  

186: 8000 ()   :   	  

187: 8000 ()   :   	  LDAA #$16

188: 8000 ()   :   	  STAA BAS_H		* PONE UN #1653 NUMERO TOTAL DE JUEGO DE MUESTRAS

189: 8000 ()   :   	  LDAA #$53

190: 8000 ()   :   	  STAA BAS_L   

191: 8000 ()   :   

192: 8000 ()   :   

193: 8000 ()   :   	  CLR  ALTO		  * INICIA INDICE MUESTRA EN 0

194: 8000 ()   :   	  CLR  BAJO

195: 8000 ()   :   

196: 8000 ()   :   	   RTS

197: 8000 ()   :   ***********************************

198: 8000 ()   :   * SACA

199: 8000 ()   :   ***********************************

200: 8000 ()   :   SACA

201: 8000 ()   :   			

202: 8000 ()   :   	   

203: 8000 ()   :   	   LDAA  ALTO		 * INDICE DE MUESTRA (SEGUNDO)

204: 8000 ()   :   	   LDAB  BAJO

205: 8000 ()   :   	   XGDY

206: 8000 ()   :   	   INY

207: 8000 ()   :   	   XGDY

208: 8000 ()   :   	   JSR   BINBCD

209: 8000 ()   :   	   JSR   DISPLAY

210: 8000 ()   :   	   JSR   COMA

211: 8000 ()   :    

212: 8000 ()   :   	   LDAA  BASE_H	   * INDICE DE MUESTRA (PARTICULAR)

213: 8000 ()   :   	   LDAB  BASE_L

214: 8000 ()   :   	   XGDY

215: 8000 ()   :   	   

216: 8000 ()   :   	   INY

217: 8000 ()   :   	   CLRA

218: 8000 ()   :   	   LDAB  $00,Y  

219: 8000 ()   :   	   JSR   BNBCD

220: 8000 ()   :   	   JSR   DSPLY

221: 8000 ()   :   	   JSR   COMA

222: 8000 ()   :   

223: 8000 ()   :   	   INY

224: 8000 ()   :   	   CLRA

225: 8000 ()   :   	   LDAB  $00,Y

226: 8000 ()   :   	   JSR   BNBCD

227: 8000 ()   :   	   JSR   DSPLY

228: 8000 ()   :   	   JSR   COMA

229: 8000 ()   :   

230: 8000 ()   :   	   INY

231: 8000 ()   :   	   CLRA

232: 8000 ()   :   	   LDAB  $00,Y

233: 8000 ()   :   	   JSR   BNBCD

234: 8000 ()   :   	   JSR   DSPLY

235: 8000 ()   :   	   JSR   COMA

236: 8000 ()   :   

237: 8000 ()   :   	   INY

238: 8000 ()   :   	   CLRA

239: 8000 ()   :   	   LDAB  $00,Y

240: 8000 ()   :   	   JSR   BNBCD

241: 8000 ()   :   	   JSR   DSPLY

242: 8000 ()   :   	   JSR   COMA

243: 8000 ()   :    

244: 8000 ()   :   	   INY

245: 8000 ()   :   	   CLRA 

246: 8000 ()   :   	   LDAB  $00,Y

247: 8000 ()   :   	   JSR   BNBCD

248: 8000 ()   :   	   JSR   DSPLY

249: 8000 ()   :   	   

250: 8000 ()   :   	   XGDY

251: 8000 ()   :   	   STAA BASE_H

252: 8000 ()   :   	   STAB BASE_L

253: 8000 ()   :   

254: 8000 ()   :   	   JSR   CRYTRN

255: 8000 ()   :   

256: 8000 ()   :   	   RTS

257: 8000 ()   :   ***********************************

258: 8000 ()   :   * COMA

259: 8000 ()   :   ***********************************

260: 8000 ()   :   COMA

261: 8000 ()   :   	   LDX   #SCSR 

262: 8000 ()   :   	   

263: 8000 ()   :   	   LDAA  SCSR

264: 8000 ()   :   	   LDAA  #$2C			 * COMA

265: 8000 ()   :   	   STAA  SCDR

266: 8000 ()   :   C1

267: 8000 ()   :   	   BRCLR $00,X,#$80 C1 

268: 8000 ()   :   	   RTS

269: 8000 ()   :   ***********************************

270: 8000 ()   :   * DESPLIEGA

271: 8000 ()   :   ***********************************

272: 8000 ()   :   DISPLAY

273: 8000 ()   :   	   

274: 8000 ()   :   	   LDX   #SCSR 

275: 8000 ()   :   	   

276: 8000 ()   :   	   LDAA  SCSR

277: 8000 ()   :   	   LDAA  U1			 * U1

278: 8000 ()   :   	   ADDA  #$30

279: 8000 ()   :   	   STAA  SCDR

280: 8000 ()   :   T1

281: 8000 ()   :   	   BRCLR $00,X,#$80 T1 

282: 8000 ()   :   	  

283: 8000 ()   :   	   LDAA  SCSR

284: 8000 ()   :   	   LDAA  U2			 * U2

285: 8000 ()   :   	   ADDA  #$30

286: 8000 ()   :   	   STAA  SCDR

287: 8000 ()   :   T2

288: 8000 ()   :   	   BRCLR $00,X,#$80 T2 

289: 8000 ()   :   

290: 8000 ()   :   DSPLY  

291: 8000 ()   :   	   LDX   #SCSR

292: 8000 ()   :   	

293: 8000 ()   :   	   LDAA SCSR

294: 8000 ()   :   	   LDAA  U3			 * U3

295: 8000 ()   :   	   ADDA  #$30

296: 8000 ()   :   	   STAA  SCDR

297: 8000 ()   :   T3

298: 8000 ()   :   	   BRCLR $00,X,#$80 T3 

299: 8000 ()   :   	  

300: 8000 ()   :   	   LDAA SCSR 

301: 8000 ()   :   	   LDAA  U4			 * U4

302: 8000 ()   :   	   ADDA  #$30

303: 8000 ()   :   	   STAA  SCDR

304: 8000 ()   :   T4

305: 8000 ()   :   	   BRCLR $00,X,#$80 T4 

306: 8000 ()   :      

307: 8000 ()   :   	   LDAA SCSR

308: 8000 ()   :   	   LDAA  U5			 * U5

309: 8000 ()   :   	   ADDA  #$30

310: 8000 ()   :   	   STAA  SCDR

311: 8000 ()   :   T5

312: 8000 ()   :   	   BRCLR $00,X,#$80 T5  

313: 8000 ()   :   	   

314: 8000 ()   :   	   RTS

315: 8000 ()   :   

316: 8000 ()   :   ***********************************

317: 8000 ()   :   * CARRY RETURN

318: 8000 ()   :   ***********************************

319: 8000 ()   :   

320: 8000 ()   :   CRYTRN

321: 8000 ()   :   	   LDX   #SCSR 

322: 8000 ()   :   	   LDAA  SCSR

323: 8000 ()   :   	   LDAA  #$0A			 * NEW LINE	 

324: 8000 ()   :   	   STAA  SCDR

325: 8000 ()   :   CR1

326: 8000 ()   :   	   BRCLR $00,X,#$80 CR1		

327: 8000 ()   :   

328: 8000 ()   :   	   LDAA SCSR

329: 8000 ()   :   	   LDAA #$0D			  * CARRY RETURN	 

330: 8000 ()   :   	   STAA SCDR

331: 8000 ()   :   CR2

332: 8000 ()   :   	   BRCLR $00,X,#$80 CR2		

333: 8000 ()   :   

334: 8000 ()   :   	   RTS

335: 8000 ()   :   ***********************************

336: 8000 ()   :   *  DESPLIEGUE DE DATO RECIBIDO

337: 8000 ()   :   ***********************************

338: 8000 ()   :   

339: 8000 ()   :   DATARX

340: 8000 ()   :   	   LDX   #SCSR 

341: 8000 ()   :   	   LDAA  SCSR

342: 8000 ()   :   	   LDAA  ORDEN			 * NEW LINE	 

343: 8000 ()   :   	   STAA  SCDR

344: 8000 ()   :   DT1

345: 8000 ()   :   	   BRCLR $00,X,#$80 DT1		

346: 8000 ()   :   

347: 8000 ()   :   	   LDAA SCSR 

348: 8000 ()   :   	   LDAA #$3A			  * DOS PUNTOS	

349: 8000 ()   :   	   STAA SCDR

350: 8000 ()   :   DT2

351: 8000 ()   :   	   BRCLR $00,X,#$80 DT2		

352: 8000 ()   :   

353: 8000 ()   :   	   RTS

354: 8000 ()   :   ***********************************

355: 8000 ()   :   * voltimetro

356: 8000 ()   :   ***********************************

357: 8000 ()   :   VOLTA

358: 8000 ()   :   	  LDX #ADCTL	  

359: 8000 ()   :   

360: 8000 ()   :   	  LDAA #$80

361: 8000 ()   :   	  STAA OPTION		* PONE EN MARCHA EL ADC

362: 8000 ()   :   	

363: 8000 ()   :   	  LDAA #$10

364: 8000 ()   :   	  STAA ADCTL		 * ENTRADA MULTIPLE SELECCIONA CANAL 0

365: 8000 ()   :   

366: 8000 ()   :   E1

367: 8000 ()   :   	  BRCLR $00,X,#$80 E1  

368: 8000 ()   :   	  LDAB ADR1

369: 8000 ()   :   	  STAB V1

370: 8000 ()   :   	  

371: 8000 ()   :   	  LDAA #$80

372: 8000 ()   :   	  STAA OPTION		* PONE EN MARCHA EL ADC

373: 8000 ()   :   	

374: 8000 ()   :   	  LDAA #$11

375: 8000 ()   :   	  STAA ADCTL		 * ENTRADA MULTIPLE SELECCIONA CANAL 1

376: 8000 ()   :   

377: 8000 ()   :   E2

378: 8000 ()   :   	  BRCLR $00,X,#$80 E2  

379: 8000 ()   :   	  LDAB ADR2

380: 8000 ()   :   	  STAB V2

381: 8000 ()   :   	 

382: 8000 ()   :   	  LDAA #$12

383: 8000 ()   :   	  STAA ADCTL		 * ENTRADA MULTIPLE SELECCIONA CANAL 2

384: 8000 ()   :   

385: 8000 ()   :   E3

386: 8000 ()   :   	  BRCLR $00,X,#$80 E3  

387: 8000 ()   :   	  LDAB ADR3

388: 8000 ()   :   	  STAB V3 

389: 8000 ()   :   

390: 8000 ()   :   	  LDAA #$13

391: 8000 ()   :   	  STAA ADCTL		 * ENTRADA MULTIPLE SELECCIONA CANAL 3

392: 8000 ()   :   

393: 8000 ()   :   E4

394: 8000 ()   :   	  BRCLR $00,X,#$80 E4  

395: 8000 ()   :   	  LDAB ADR4

396: 8000 ()   :   	  STAB V4

397: 8000 ()   :   

398: 8000 ()   :   		   

399: 8000 ()   :   	  RTS

400: 8000 ()   :   ***********************************

401: 8000 ()   :   * CONVIERTE A BCD

402: 8000 ()   :   ***********************************

403: 8000 ()   :   

404: 8000 ()   :   BINBCD

405: 8000 ()   :   	 

406: 8000 ()   :   	  LDX  #$2710

407: 8000 ()   :   	  IDIV 

408: 8000 ()   :   	  XGDX

409: 8000 ()   :   	  STAB U1

410: 8000 ()   :   	  XGDX

411: 8000 ()   :   	  LDX  #$3E8

412: 8000 ()   :   	  IDIV

413: 8000 ()   :   	  XGDX

414: 8000 ()   :   	  STAB U2

415: 8000 ()   :   	  XGDX

416: 8000 ()   :   

417: 8000 ()   :   BNBCD

418: 8000 ()   :   	  LDX  #$64

419: 8000 ()   :   	  IDIV

420: 8000 ()   :   	  XGDX

421: 8000 ()   :   	  STAB U3

422: 8000 ()   :   	  XGDX

423: 8000 ()   :   	  LDX  #$A

424: 8000 ()   :   	  IDIV

425: 8000 ()   :   	  XGDX

426: 8000 ()   :   	  STAB U4

427: 8000 ()   :   	  XGDX

428: 8000 ()   :   	  STAB U5

429: 8000 ()   :   

430: 8000 ()   :   

431: 8000 ()   :   

432: 8000 ()   :   	  RTS

433: 8000 ()   :   

434: 8000 ()   :   

435: 8000 ()   :   

436: 8000 ()   :   ***********************************

437: 8000 ()   :   * ATENCION A INTERRUPCION SERIAL

438: 8000 ()   :   ***********************************

439: 8000 ()   :   	   ORG  $F100

440: 8000 ()   :     

441: 8000 ()   :   	   PSHA

442: 8000 ()   :    

443: 8000 ()   :   	   LDAA SCSR

444: 8000 ()   :   	   LDAA SCDR

445: 8000 ()   :   	   STAA ORDEN

446: 8000 ()   :   

447: 8000 ()   :   	   PULA  

448: 8000 ()   :   

449: 8000 ()   :   	   RTI

450: 8000 ()   :   

451: 8000 ()   :   ***********************************

452: 8000 ()   :   * ATENCION A INTERRUPCION REAL TIME

453: 8000 ()   :   ***********************************

454: 8000 ()   :   	  ORG  $F110

455: 8000 ()   :   

456: 8000 ()   :   	  PSHA

457: 8000 ()   :   	  PSHX

458: 8000 ()   :   

459: 8000 ()   :   	  LDX #TFLG2

460: 8000 ()   :   	  BSET $00,X,#$40	* BORRA BANDERA INTERRUPCION

461: 8000 ()   :   	  DEC TEMPO

462: 8000 ()   :   	  BEQ SEGUNDO

463: 8000 ()   :   	  

464: 8000 ()   :   	  PULA

465: 8000 ()   :   	  PULX

466: 8000 ()   :   	  RTI

467: 8000 ()   :   

468: 8000 ()   :   SEGUNDO

469: 8000 ()   :   	  LDAA #$FF

470: 8000 ()   :   	  STAA SEG		   * SEG ES UNA BANDERA DE SEGUNDO	

471: 8000 ()   :   	  LDAA #$F4		 

472: 8000 ()   :   	  STAA TEMPO		 * TEMPO ES VARIABLE PARA CONTAR 244 CICLOS

473: 8000 ()   :   	  INC  PORTG

474: 8000 ()   :   	 

475: 8000 ()   :   	  PULA

476: 8000 ()   :   	  PULX

477: 8000 ()   :   	  RTI

478: 8000 ()   :   ***********************************

479: 8000 ()   :   * VECTOR INTERRUPCION SERIAL

480: 8000 ()   :   ***********************************

481: 8000 ()   :   	   ORG   $FFD6

482: 8000 ()   :   	   FCB   $F1,$00	   

483: 8000 ()   :   

484: 8000 ()   :   ***********************************

485: 8000 ()   :   * VECTOR INTERRUPCION REAL TIME

486: 8000 ()   :   ***********************************

487: 8000 ()   :   	   ORG   $FFF0

488: 8000 ()   :   	   FCB   $F1,$10	   

489: 8000 ()   :   

490: 8000 ()   :   ***********************************

491: 8000 ()   :   *RESET

492: 8000 ()   :   ***********************************

493: 8000 ()   :   	   ORG	$FFFE

494: 8000 ()   :   RESET  FCB	$80,$00

495: 8000 ()   :   ***********************************

496: 8000 ()   :   	   END   $8000

497: 8000 ()   :   

498: 8000 ()   :   

499: 8000 ()   :   

500: 8000 ()   :   

501: 8000 ()   :   

502: 8000 ()   :   

