1: 8000 ()            :   **********************************

2: 8000 ()            :   *PROGRAMA START

3: 8000 ()            :   **********************************

4: 8000 ()            :   PORTD  EQU   $1008

5: 8000 ()            :   

6: 8000 ()            :   DDRD   EQU   $1009

7: 8000 ()            :   

8: 8000 ()            :   SCDR   EQU   $102F

9: 8000 ()            :   SCCR2  EQU   $102D

10: 8000 ()           :   SCSR   EQU   $102E

11: 8000 ()           :   SCCR1  EQU   $102C

12: 8000 ()           :   BAUD   EQU   $102B

13: 8000 ()           :   HPRIO  EQU   $103C

14: 8000 ()           :   SPCR   EQU   $1028

15: 8000 ()           :   

16: 8000 ()           :   * VARIABLES *********************

17: 8000 ()           :   

18: 8000 ()           :   ORDEN  EQU   $0000

19: 8000 ()           :   U1     EQU   $0001

20: 8000 ()           :   U2     EQU   $0002

21: 8000 ()           :   U3     EQU   $0003

22: 8000 ()           :   U4     EQU   $0004

23: 8000 ()           :   

24: 8000 ()           :   *INICIO_PROGRAMA *****************

25: 8000 ()           :   	ORG $8000

26: 8000 (8E00FF)     :   	LDS #$00FF

27: 8003 ()           :   

28: 8003 (BD8079)     :   	JSR SERIAL

29: 8006 ()           :   

30: 8006 ()           :      

31: 8006 ()           :   INICIO

32: 8006 (7F0004)     :   	CLR U4

33: 8009 (7F0003)     :   	CLR U3

34: 800c (7F0002)     :   	CLR U2

35: 800f ()           :   BORRA_U1

36: 800f (7F0001)     :   	CLR U1

37: 8012 ()           :   BORRA_ORDEN

38: 8012 (963F)       :   	LDAA #'?

39: 8014 (B70000)     :   	STAA ORDEN

40: 8017 ()           :   

41: 8017 ()           :   LOOP

42: 8017 (B60000)     :   	LDAA ORDEN

43: 801a (913F)       :   	CMPA #'?

44: 801c (27FC)       :   	BEQ LOOP

45: 801e ()           :   	

46: 801e (F60001)     :   	LDAB U1

47: 8021 (260C)       :   	BNE SIGUE

48: 8023 (9153)       :   	CMPA #'S

49: 8025 (26D)        :   	BNE BORRA_ORDEN

50: 8027 (B70001)     :   	STAA U1

51: 802a (7E8025)     :   	JMP BORRA_ORDEN 

52: 802d ()           :   

53: 802d ()           :   SIGUE

54: 802d (F60002)     :   	LDAB U2

55: 8030 (2612)       :   	BNE SIGUE1

56: 8032 (9154)       :   	CMPA #'T

57: 8034 (2709)       :   	BEQ VALIDA_T

58: 8036 ()           :   

59: 8036 ()           :   CHECA_S

60: 8036 (9153)       :   	CMPA #'S

61: 8038 (268)        :   	BNE BORRA_U1

62: 803a (7E8025)     :   	JMP BORRA_ORDEN

63: 803d ()           :   

64: 803d ()           :   VALIDA_T

65: 803d (B70002)     :   	STAA U2

66: 8040 (7E8025)     :   	JMP BORRA_ORDEN

67: 8043 ()           :   

68: 8043 ()           :   SIGUE1	

69: 8043 (D62F)       :   	LDAB 47

70: 8045 (2612)       :   	BNE SIGUE2

71: 8047 (9141)       :   	CMPA #'A

72: 8049 (2708)       :   	BEQ VALIDA_A

73: 804b ()           :   CHECA_XD

74: 804b (7F0002)     :   	CLR U2

75: 804e (7E8035)     :   	JMP CHECA_S

76: 8051 ()           :   

77: 8051 ()           :   VALIDA_A

78: 8051 (B70003)     :   	STAA U3

79: 8054 (7E8025)     :   	JMP BORRA_ORDEN

80: 8057 ()           :   

81: 8057 ()           :   SIGUE2	

82: 8057 (F60004)     :   	LDAB U4

83: 805a (2611)       :   	BNE SIGUE3

84: 805c (9152)       :   	CMPA #'R

85: 805e (2708)       :   	BEQ VALIDA_R

86: 8060 ()           :   

87: 8060 ()           :   CHECA_ELPACK

88: 8060 (7F0003)     :   	CLR U3

89: 8063 (7E804b)     :   	JMP CHECA_XD

90: 8066 ()           :   

91: 8066 ()           :   VALIDA_R

92: 8066 (B70004)     :   	STAA U4

93: 8069 (7E8025)     :   	JMP BORRA_ORDEN

94: 806c ()           :   

95: 806c ()           :   SIGUE3	

96: 806c (9154)       :   	CMPA #'T

97: 806e (2709)       :   	BEQ EXITO

98: 8070 (7F0004)     :   	CLR U4

99: 8073 (7E8060)     :   	JMP CHECA_ELPACK

100: 8076 (3A)        :   	ABX

101: 8077 ()          :   

102: 8077 ()          :   EXITO

103: 8077 (7E8009)    :   	JMP INICIO

104: 807a (1B)        :   	ABA

105: 807b ()          :   

106: 807b ()          :   

107: 807b ()          :   SERIAL

108: 807b ()          :   	 LDD   #$302C  * CONFIGURA PUERTO SERIAL

109: 807b ()          :   	 STAA  BAUD    * BAUD  9600  para cristal de 8MHz

110: 807b ()          :   	 STAB  SCCR2   * HABILITA  RX Y TX PERO INTERRUPCN SOLO RX

111: 807b ()          :   	 LDAA  #$00

112: 807b ()          :   	 STAA  SCCR1   * 8 BITS

113: 807b ()          :    	

114: 807b ()          :   	 LDAA  #$FE    * CONFIG PUERTO D COMO SALIDAS (EXCEPTO PD0)

115: 807b ()          :   	 STAA  DDRD    * SEA  ENABLE DEL DISPLAY  PD4  Y RS PD3

116: 807b ()          :   			 

117: 807b ()          :   	

118: 807b ()          :   	 LDAA  #$04

119: 807b ()          :   	 STAA  HPRIO

120: 807b ()          :    

121: 807b ()          :   	 LDAA  #$00

122: 807b ()          :   	 TAP

123: 807b (39)        :   	RTS

124: 807c ()          :   

125: 807c ()          :   

126: 807c ()          :   

127: 807c ()          :   ***********************************

128: 807c ()          :   * ATENCION A INTERRUPCION SERIAL

129: 807c ()          :   ***********************************

130: 807c ()          :   	 ORG  $F100

131: 807c ()          :    

132: 807c ()          :   	 LDAA SCSR

133: 807c ()          :   	 LDAA SCDR

134: 807c ()          :   	 STAA ORDEN

135: 807c ()          :   

136: 807c ()          :   	 RTI

137: 807c ()          :   

138: 807c ()          :   ***********************************

139: 807c ()          :   * VECTOR INTERRUPCION SERIAL

140: 807c ()          :   ***********************************

141: 807c ()          :   	 ORG   $FFD6

142: 807c ()          :   	 FCB   $F1,$00	

143: 807c ()          :   

144: 807c ()          :   ***********************************

145: 807c ()          :   *RESET

146: 807c ()          :   ***********************************

147: 807c ()          :   	 ORG    $FFFE

148: 807c ()          :   RESET   FCB    $80,$00

149: 807c ()          :   ***********************************

